---
source: crates/puffin_parser/src/ast_parser.rs
expression: "format!(\"{:#?}\", root)"
---
Root {
    contents: [
        ExprStmt(
            Binary(
                Add(
                    AddBinaryExpr {
                        range: 0..=23,
                        a: Binary(
                            Add(
                                AddBinaryExpr {
                                    range: 0..=14,
                                    a: Lit(
                                        Int(
                                            IntLiteral {
                                                range: 0..=0,
                                                int: 1,
                                            },
                                        ),
                                    ),
                                    b: Binary(
                                        Multiply(
                                            MultiplyBinaryExpr {
                                                range: 4..=14,
                                                a: Lit(
                                                    Int(
                                                        IntLiteral {
                                                            range: 4..=4,
                                                            int: 2,
                                                        },
                                                    ),
                                                ),
                                                b: Binary(
                                                    Group(
                                                        GroupBinaryExpr {
                                                            range: 9..=13,
                                                            a: Binary(
                                                                Subtract(
                                                                    SubtractBinaryExpr {
                                                                        range: 9..=13,
                                                                        a: Lit(
                                                                            Int(
                                                                                IntLiteral {
                                                                                    range: 9..=9,
                                                                                    int: 3,
                                                                                },
                                                                            ),
                                                                        ),
                                                                        b: Lit(
                                                                            Int(
                                                                                IntLiteral {
                                                                                    range: 13..=13,
                                                                                    int: 2,
                                                                                },
                                                                            ),
                                                                        ),
                                                                    },
                                                                ),
                                                            ),
                                                        },
                                                    ),
                                                ),
                                            },
                                        ),
                                    ),
                                },
                            ),
                        ),
                        b: Binary(
                            Group(
                                GroupBinaryExpr {
                                    range: 18..=22,
                                    a: Binary(
                                        Multiply(
                                            MultiplyBinaryExpr {
                                                range: 18..=22,
                                                a: Lit(
                                                    Int(
                                                        IntLiteral {
                                                            range: 18..=18,
                                                            int: 1,
                                                        },
                                                    ),
                                                ),
                                                b: Lit(
                                                    Int(
                                                        IntLiteral {
                                                            range: 22..=22,
                                                            int: 2,
                                                        },
                                                    ),
                                                ),
                                            },
                                        ),
                                    ),
                                },
                            ),
                        ),
                    },
                ),
            ),
        ),
    ],
}
