---
source: crates/puffin_parser/src/ast_parser.rs
expression: "format!(\"{:#?}\", root)"
---
Root {
    contents: [
        ExprStmt(
            Binary(
                Add(
                    AddBinaryExpr {
                        range: 0..=4,
                        a: Binary(
                            Negate(
                                NegateBinaryExpr {
                                    range: 0..=1,
                                    a: Lit(
                                        Int(
                                            IntLiteral {
                                                range: 1..=1,
                                                int: 1,
                                            },
                                        ),
                                    ),
                                },
                            ),
                        ),
                        b: Lit(
                            Int(
                                IntLiteral {
                                    range: 4..=4,
                                    int: 2,
                                },
                            ),
                        ),
                    },
                ),
            ),
        ),
    ],
}
