---
source: crates/puffin_parser/src/ast_parser.rs
expression: "format!(\"{:#?}\", root)"
---
Root {
    contents: [
        ExprStmt(
            Binary(
                Group(
                    GroupBinaryExpr {
                        range: 1..=8,
                        a: Binary(
                            Add(
                                AddBinaryExpr {
                                    range: 1..=8,
                                    a: Binary(
                                        Add(
                                            AddBinaryExpr {
                                                range: 1..=5,
                                                a: Lit(
                                                    Int(
                                                        IntLiteral {
                                                            range: 1..=1,
                                                            int: 1,
                                                        },
                                                    ),
                                                ),
                                                b: Lit(
                                                    Int(
                                                        IntLiteral {
                                                            range: 5..=5,
                                                            int: 2,
                                                        },
                                                    ),
                                                ),
                                            },
                                        ),
                                    ),
                                    b: Lit(
                                        Int(
                                            IntLiteral {
                                                range: 8..=8,
                                                int: 3,
                                            },
                                        ),
                                    ),
                                },
                            ),
                        ),
                    },
                ),
            ),
        ),
    ],
}
