---
source: crates/puffin_parser/src/parser.rs
expression: output
---
SOURCE_FILE@0..6
    EXPR_STMT@0..6
        BIN_EXPR@0..6
            PREFIX_EXPR@0..3
                - |MINUS@0..1
                1 |INT@1..2
                  |WHITESPACE@2..3
            + |PLUS@3..4
              |WHITESPACE@4..5
            2 |INT@5..6

