---
source: crates/puffin_parser/src/ast_parser.rs
expression: "format!(\"{:#?}\", root)"
---
Root {
    contents: [
        ExprStmt(
            Binary(
                Add(
                    AddBinaryExpr {
                        line: 1,
                        a: Binary(
                            Add(
                                AddBinaryExpr {
                                    line: 1,
                                    a: Binary(
                                        Add(
                                            AddBinaryExpr {
                                                line: 1,
                                                a: Lit(
                                                    Int(
                                                        IntLiteral {
                                                            line: 1,
                                                            int: 1,
                                                        },
                                                    ),
                                                ),
                                                b: Lit(
                                                    Int(
                                                        IntLiteral {
                                                            line: 1,
                                                            int: 2,
                                                        },
                                                    ),
                                                ),
                                            },
                                        ),
                                    ),
                                    b: Lit(
                                        Int(
                                            IntLiteral {
                                                line: 1,
                                                int: 3,
                                            },
                                        ),
                                    ),
                                },
                            ),
                        ),
                        b: Lit(
                            Int(
                                IntLiteral {
                                    line: 1,
                                    int: 4,
                                },
                            ),
                        ),
                    },
                ),
            ),
        ),
    ],
}
