---
source: crates/puffin_hir/src/resolver/tests.rs
expression: standard_test(src)
---
[[ {
let c = a + b
} ]]
    [[ let c = a + b ]]
    c => "Unknown" from {
      { a + b } => "FunctionType { Unknown, Unknown, ret: Unknown }"
        { a } => Ident(Ident { name: "a" })
        { b } => Ident(Ident { name: "b" })
    }
ERROR[0015]: type mismatch
--> test.pf:2:9
2 | let c = a + b
  |         |   ^ has type of int
  |         | has type of float
  | 

