---
source: crates/puffin_parser/src/tests/parser.rs
expression: "item_test(\"fun hello() \\n  {\\n  \\n}\")"
---
SOURCE_FILE@0..=20
    FUNC_ITEM@0..=20
        fun |KW_FUN@0..2
          |WHITESPACE@3..3
        hello |IDENT@4..8
        FUNC_PARAM@9..=10
            ( |L_PAREN@9..9
            ) |R_PAREN@10..10
          |WHITESPACE@11..11
        
 |NL@12..12
           |WHITESPACE@13..14
        BLOCK_EXPR@15..=20
            { |L_BRACE@15..15
            
 |NL@16..16
               |WHITESPACE@17..18
            
 |NL@19..19
            } |R_BRACE@20..20

